// Jest Snapshot v1, https://goo.gl/fbAQLP

exports[`DASHBOARD --- Snapshot captures a snapshot of the component 1`] = `
ShallowWrapper {
  "complexSelector": ComplexSelector {
    "buildPredicate": [Function],
    "childrenOfNode": [Function],
    "findWhereUnwrapped": [Function],
  },
  "length": 1,
  "node": <div>
    <div
      className="header-container"
    >
      <PageHeading
        title="Dashboard"
        url="dashboard"
      />
    </div>
    <div
      className="page-content"
    />
  </div>,
  "nodes": Array [
    <div>
      <div
        className="header-container"
      >
        <PageHeading
          title="Dashboard"
          url="dashboard"
        />
      </div>
      <div
        className="page-content"
      />
    </div>,
  ],
  "options": Object {},
  "renderer": ReactShallowRenderer {
    "_instance": ShallowComponentWrapper {
      "_calledComponentWillUnmount": false,
      "_compositeType": 0,
      "_context": Object {},
      "_currentElement": <Dashboard
        serversLastUpdate={null}
      />,
      "_debugID": 1,
      "_hostContainerInfo": null,
      "_hostParent": null,
      "_instance": Dashboard {
        "_reactInternalInstance": [Circular],
        "context": Object {},
        "props": Object {
          "serversLastUpdate": null,
        },
        "refs": Object {},
        "state": null,
        "updater": Object {
          "enqueueCallback": [Function],
          "enqueueCallbackInternal": [Function],
          "enqueueElementInternal": [Function],
          "enqueueForceUpdate": [Function],
          "enqueueReplaceState": [Function],
          "enqueueSetState": [Function],
          "isMounted": [Function],
          "validateCallback": [Function],
        },
      },
      "_mountOrder": 1,
      "_pendingCallbacks": null,
      "_pendingElement": null,
      "_pendingForceUpdate": false,
      "_pendingReplaceState": false,
      "_pendingStateQueue": null,
      "_renderedComponent": NoopInternalComponent {
        "_currentElement": <div>
          <div
            className="header-container"
          >
            <PageHeading
              title="Dashboard"
              url="dashboard"
            />
          </div>
          <div
            className="page-content"
          />
        </div>,
        "_debugID": 2,
        "_renderedOutput": <div>
          <div
            className="header-container"
          >
            <PageHeading
              title="Dashboard"
              url="dashboard"
            />
          </div>
          <div
            className="page-content"
          />
        </div>,
      },
      "_renderedNodeType": 0,
      "_rootNodeID": 0,
      "_topLevelWrapper": null,
      "_updateBatchNumber": null,
      "_warnedAboutRefsInRender": false,
    },
    "getRenderOutput": [Function],
    "render": [Function],
  },
  "root": [Circular],
  "unrendered": <Dashboard
    serversLastUpdate={null}
  />,
}
`;
